../Core/Src/main.c:100:5:main	48	static
../Core/Src/main.c:266:6:SystemClock_Config	88	static
../Core/Src/main.c:314:10:Read_ADC_Channel	32	static
../Core/Src/main.c:331:6:Buzzer_On	8	static
../Core/Src/main.c:336:6:Buzzer_Off	8	static
../Core/Src/main.c:341:6:delay_us	16	static
../Core/Src/main.c:347:6:Set_DHT11_Pin_Output	24	static
../Core/Src/main.c:356:6:Set_DHT11_Pin_Input	24	static
../Core/Src/main.c:365:6:DHT11_Start	8	static
../Core/Src/main.c:375:9:DHT11_CheckResponse	16	static
../Core/Src/main.c:391:9:DHT11_ReadByte	16	static
../Core/Src/main.c:421:6:Error_Handler	4	static,ignoring_inline_asm
